
===========================================================================
report_checks -path_delay min (Hold)
============================================================================
Startpoint: rst (input port clocked by clk)
Endpoint: _506_ (removal check against rising-edge clock clk)
Path Group: **async_default**
Path Type: min

Fanout     Cap    Slew   Delay    Time   Description
-----------------------------------------------------------------------------
                  0.15    0.00    0.00   clock clk (rise edge)
                          0.00    0.00   clock network delay (ideal)
                          2.00    2.00 v input external delay
                  0.01    0.01    2.01 v rst (in)
     1    0.00                           rst (net)
                  0.01    0.00    2.01 v _372_/A (sky130_fd_sc_hd__buf_1)
                  0.19    0.19    2.20 v _372_/X (sky130_fd_sc_hd__buf_1)
    10    0.03                           _199_ (net)
                  0.19    0.00    2.20 v _442_/A (sky130_fd_sc_hd__inv_2)
                  0.06    0.09    2.29 ^ _442_/Y (sky130_fd_sc_hd__inv_2)
     1    0.00                           _096_ (net)
                  0.06    0.00    2.29 ^ _506_/RESET_B (sky130_fd_sc_hd__dfrtp_2)
                                  2.29   data arrival time

                  0.15    0.00    0.00   clock clk (rise edge)
                          0.00    0.00   clock network delay (ideal)
                          0.25    0.25   clock uncertainty
                          0.00    0.25   clock reconvergence pessimism
                                  0.25 ^ _506_/CLK (sky130_fd_sc_hd__dfrtp_2)
                          0.35    0.60   library removal time
                                  0.60   data required time
-----------------------------------------------------------------------------
                                  0.60   data required time
                                 -2.29   data arrival time
-----------------------------------------------------------------------------
                                  1.69   slack (MET)


Startpoint: rst (input port clocked by clk)
Endpoint: _504_ (removal check against rising-edge clock clk)
Path Group: **async_default**
Path Type: min

Fanout     Cap    Slew   Delay    Time   Description
-----------------------------------------------------------------------------
                  0.15    0.00    0.00   clock clk (rise edge)
                          0.00    0.00   clock network delay (ideal)
                          2.00    2.00 v input external delay
                  0.01    0.01    2.01 v rst (in)
     1    0.00                           rst (net)
                  0.01    0.00    2.01 v _372_/A (sky130_fd_sc_hd__buf_1)
                  0.19    0.19    2.20 v _372_/X (sky130_fd_sc_hd__buf_1)
    10    0.03                           _199_ (net)
                  0.19    0.00    2.20 v _440_/A (sky130_fd_sc_hd__inv_2)
                  0.06    0.10    2.29 ^ _440_/Y (sky130_fd_sc_hd__inv_2)
     1    0.01                           _094_ (net)
                  0.06    0.00    2.30 ^ _504_/RESET_B (sky130_fd_sc_hd__dfrtp_2)
                                  2.30   data arrival time

                  0.15    0.00    0.00   clock clk (rise edge)
                          0.00    0.00   clock network delay (ideal)
                          0.25    0.25   clock uncertainty
                          0.00    0.25   clock reconvergence pessimism
                                  0.25 ^ _504_/CLK (sky130_fd_sc_hd__dfrtp_2)
                          0.35    0.60   library removal time
                                  0.60   data required time
-----------------------------------------------------------------------------
                                  0.60   data required time
                                 -2.30   data arrival time
-----------------------------------------------------------------------------
                                  1.69   slack (MET)


Startpoint: rst (input port clocked by clk)
Endpoint: _503_ (removal check against rising-edge clock clk)
Path Group: **async_default**
Path Type: min

Fanout     Cap    Slew   Delay    Time   Description
-----------------------------------------------------------------------------
                  0.15    0.00    0.00   clock clk (rise edge)
                          0.00    0.00   clock network delay (ideal)
                          2.00    2.00 v input external delay
                  0.01    0.01    2.01 v rst (in)
     1    0.00                           rst (net)
                  0.01    0.00    2.01 v _372_/A (sky130_fd_sc_hd__buf_1)
                  0.19    0.19    2.20 v _372_/X (sky130_fd_sc_hd__buf_1)
    10    0.03                           _199_ (net)
                  0.19    0.00    2.20 v _439_/A (sky130_fd_sc_hd__inv_2)
                  0.07    0.10    2.30 ^ _439_/Y (sky130_fd_sc_hd__inv_2)
     1    0.01                           _093_ (net)
                  0.07    0.00    2.30 ^ _503_/RESET_B (sky130_fd_sc_hd__dfrtp_2)
                                  2.30   data arrival time

                  0.15    0.00    0.00   clock clk (rise edge)
                          0.00    0.00   clock network delay (ideal)
                          0.25    0.25   clock uncertainty
                          0.00    0.25   clock reconvergence pessimism
                                  0.25 ^ _503_/CLK (sky130_fd_sc_hd__dfrtp_2)
                          0.36    0.61   library removal time
                                  0.61   data required time
-----------------------------------------------------------------------------
                                  0.61   data required time
                                 -2.30   data arrival time
-----------------------------------------------------------------------------
                                  1.70   slack (MET)


Startpoint: rst (input port clocked by clk)
Endpoint: _505_ (removal check against rising-edge clock clk)
Path Group: **async_default**
Path Type: min

Fanout     Cap    Slew   Delay    Time   Description
-----------------------------------------------------------------------------
                  0.15    0.00    0.00   clock clk (rise edge)
                          0.00    0.00   clock network delay (ideal)
                          2.00    2.00 v input external delay
                  0.01    0.01    2.01 v rst (in)
     1    0.00                           rst (net)
                  0.01    0.00    2.01 v _372_/A (sky130_fd_sc_hd__buf_1)
                  0.19    0.19    2.20 v _372_/X (sky130_fd_sc_hd__buf_1)
    10    0.03                           _199_ (net)
                  0.19    0.00    2.20 v _441_/A (sky130_fd_sc_hd__inv_2)
                  0.07    0.11    2.30 ^ _441_/Y (sky130_fd_sc_hd__inv_2)
     1    0.01                           _095_ (net)
                  0.07    0.00    2.30 ^ _505_/RESET_B (sky130_fd_sc_hd__dfrtp_2)
                                  2.30   data arrival time

                  0.15    0.00    0.00   clock clk (rise edge)
                          0.00    0.00   clock network delay (ideal)
                          0.25    0.25   clock uncertainty
                          0.00    0.25   clock reconvergence pessimism
                                  0.25 ^ _505_/CLK (sky130_fd_sc_hd__dfrtp_2)
                          0.36    0.61   library removal time
                                  0.61   data required time
-----------------------------------------------------------------------------
                                  0.61   data required time
                                 -2.30   data arrival time
-----------------------------------------------------------------------------
                                  1.70   slack (MET)


Startpoint: rst (input port clocked by clk)
Endpoint: _448_ (removal check against rising-edge clock clk)
Path Group: **async_default**
Path Type: min

Fanout     Cap    Slew   Delay    Time   Description
-----------------------------------------------------------------------------
                  0.15    0.00    0.00   clock clk (rise edge)
                          0.00    0.00   clock network delay (ideal)
                          2.00    2.00 v input external delay
                  0.01    0.01    2.01 v rst (in)
     1    0.00                           rst (net)
                  0.01    0.00    2.01 v _372_/A (sky130_fd_sc_hd__buf_1)
                  0.19    0.19    2.20 v _372_/X (sky130_fd_sc_hd__buf_1)
    10    0.03                           _199_ (net)
                  0.19    0.00    2.20 v _373_/A (sky130_fd_sc_hd__buf_1)
                  0.27    0.32    2.52 v _373_/X (sky130_fd_sc_hd__buf_1)
    10    0.05                           _200_ (net)
                  0.27    0.00    2.52 v _379_/A (sky130_fd_sc_hd__inv_2)
                  0.07    0.10    2.62 ^ _379_/Y (sky130_fd_sc_hd__inv_2)
     1    0.00                           _038_ (net)
                  0.07    0.00    2.62 ^ _448_/RESET_B (sky130_fd_sc_hd__dfrtp_2)
                                  2.62   data arrival time

                  0.15    0.00    0.00   clock clk (rise edge)
                          0.00    0.00   clock network delay (ideal)
                          0.25    0.25   clock uncertainty
                          0.00    0.25   clock reconvergence pessimism
                                  0.25 ^ _448_/CLK (sky130_fd_sc_hd__dfrtp_2)
                          0.36    0.61   library removal time
                                  0.61   data required time
-----------------------------------------------------------------------------
                                  0.61   data required time
                                 -2.62   data arrival time
-----------------------------------------------------------------------------
                                  2.01   slack (MET)


Startpoint: _445_ (rising edge-triggered flip-flop clocked by clk)
Endpoint: _445_ (rising edge-triggered flip-flop clocked by clk)
Path Group: clk
Path Type: min

Fanout     Cap    Slew   Delay    Time   Description
-----------------------------------------------------------------------------
                  0.15    0.00    0.00   clock clk (rise edge)
                          0.00    0.00   clock network delay (ideal)
                  0.15    0.00    0.00 ^ _445_/CLK (sky130_fd_sc_hd__dfrtp_2)
                  0.07    0.38    0.38 ^ _445_/Q (sky130_fd_sc_hd__dfrtp_2)
     2    0.01                           tcmp.z (net)
                  0.07    0.00    0.38 ^ _214_/B1 (sky130_fd_sc_hd__a21o_2)
                  0.04    0.09    0.47 ^ _214_/X (sky130_fd_sc_hd__a21o_2)
     2    0.01                           _032_ (net)
                  0.04    0.00    0.47 ^ _445_/D (sky130_fd_sc_hd__dfrtp_2)
                                  0.47   data arrival time

                  0.15    0.00    0.00   clock clk (rise edge)
                          0.00    0.00   clock network delay (ideal)
                          0.25    0.25   clock uncertainty
                          0.00    0.25   clock reconvergence pessimism
                                  0.25 ^ _445_/CLK (sky130_fd_sc_hd__dfrtp_2)
                         -0.02    0.23   library hold time
                                  0.23   data required time
-----------------------------------------------------------------------------
                                  0.23   data required time
                                 -0.47   data arrival time
-----------------------------------------------------------------------------
                                  0.24   slack (MET)


Startpoint: _470_ (rising edge-triggered flip-flop clocked by clk)
Endpoint: _468_ (rising edge-triggered flip-flop clocked by clk)
Path Group: clk
Path Type: min

Fanout     Cap    Slew   Delay    Time   Description
-----------------------------------------------------------------------------
                  0.15    0.00    0.00   clock clk (rise edge)
                          0.00    0.00   clock network delay (ideal)
                  0.15    0.00    0.00 ^ _470_/CLK (sky130_fd_sc_hd__dfrtp_2)
                  0.08    0.40    0.40 ^ _470_/Q (sky130_fd_sc_hd__dfrtp_2)
     2    0.01                           genblk1[11].csa.y (net)
                  0.08    0.00    0.40 ^ _270_/B (sky130_fd_sc_hd__xor2_2)
                  0.05    0.09    0.48 v _270_/X (sky130_fd_sc_hd__xor2_2)
     2    0.01                           _137_ (net)
                  0.05    0.00    0.48 v _274_/B (sky130_fd_sc_hd__xnor2_2)
                  0.03    0.10    0.59 ^ _274_/Y (sky130_fd_sc_hd__xnor2_2)
     1    0.00                           genblk1[11].csa.hsum2 (net)
                  0.03    0.00    0.59 ^ _468_/D (sky130_fd_sc_hd__dfrtp_2)
                                  0.59   data arrival time

                  0.15    0.00    0.00   clock clk (rise edge)
                          0.00    0.00   clock network delay (ideal)
                          0.25    0.25   clock uncertainty
                          0.00    0.25   clock reconvergence pessimism
                                  0.25 ^ _468_/CLK (sky130_fd_sc_hd__dfrtp_2)
                         -0.02    0.23   library hold time
                                  0.23   data required time
-----------------------------------------------------------------------------
                                  0.23   data required time
                                 -0.59   data arrival time
-----------------------------------------------------------------------------
                                  0.35   slack (MET)


Startpoint: _504_ (rising edge-triggered flip-flop clocked by clk)
Endpoint: _502_ (rising edge-triggered flip-flop clocked by clk)
Path Group: clk
Path Type: min

Fanout     Cap    Slew   Delay    Time   Description
-----------------------------------------------------------------------------
                  0.15    0.00    0.00   clock clk (rise edge)
                          0.00    0.00   clock network delay (ideal)
                  0.15    0.00    0.00 ^ _504_/CLK (sky130_fd_sc_hd__dfrtp_2)
                  0.08    0.40    0.40 ^ _504_/Q (sky130_fd_sc_hd__dfrtp_2)
     2    0.01                           genblk1[28].csa.y (net)
                  0.08    0.00    0.40 ^ _357_/B (sky130_fd_sc_hd__xor2_2)
                  0.05    0.08    0.48 v _357_/X (sky130_fd_sc_hd__xor2_2)
     2    0.01                           _190_ (net)
                  0.05    0.00    0.48 v _361_/B (sky130_fd_sc_hd__xnor2_2)
                  0.04    0.11    0.59 ^ _361_/Y (sky130_fd_sc_hd__xnor2_2)
     1    0.00                           genblk1[28].csa.hsum2 (net)
                  0.04    0.00    0.59 ^ _502_/D (sky130_fd_sc_hd__dfrtp_2)
                                  0.59   data arrival time

                  0.15    0.00    0.00   clock clk (rise edge)
                          0.00    0.00   clock network delay (ideal)
                          0.25    0.25   clock uncertainty
                          0.00    0.25   clock reconvergence pessimism
                                  0.25 ^ _502_/CLK (sky130_fd_sc_hd__dfrtp_2)
                         -0.02    0.23   library hold time
                                  0.23   data required time
-----------------------------------------------------------------------------
                                  0.23   data required time
                                 -0.59   data arrival time
-----------------------------------------------------------------------------
                                  0.35   slack (MET)


Startpoint: _454_ (rising edge-triggered flip-flop clocked by clk)
Endpoint: _452_ (rising edge-triggered flip-flop clocked by clk)
Path Group: clk
Path Type: min

Fanout     Cap    Slew   Delay    Time   Description
-----------------------------------------------------------------------------
                  0.15    0.00    0.00   clock clk (rise edge)
                          0.00    0.00   clock network delay (ideal)
                  0.15    0.00    0.00 ^ _454_/CLK (sky130_fd_sc_hd__dfrtp_2)
                  0.08    0.39    0.39 ^ _454_/Q (sky130_fd_sc_hd__dfrtp_2)
     2    0.01                           genblk1[3].csa.y (net)
                  0.08    0.00    0.39 ^ _228_/B (sky130_fd_sc_hd__xor2_2)
                  0.05    0.08    0.47 v _228_/X (sky130_fd_sc_hd__xor2_2)
     2    0.01                           _111_ (net)
                  0.05    0.00    0.47 v _232_/B (sky130_fd_sc_hd__xnor2_2)
                  0.04    0.12    0.59 ^ _232_/Y (sky130_fd_sc_hd__xnor2_2)
     1    0.00                           genblk1[3].csa.hsum2 (net)
                  0.04    0.00    0.59 ^ _452_/D (sky130_fd_sc_hd__dfrtp_2)
                                  0.59   data arrival time

                  0.15    0.00    0.00   clock clk (rise edge)
                          0.00    0.00   clock network delay (ideal)
                          0.25    0.25   clock uncertainty
                          0.00    0.25   clock reconvergence pessimism
                                  0.25 ^ _452_/CLK (sky130_fd_sc_hd__dfrtp_2)
                         -0.02    0.23   library hold time
                                  0.23   data required time
-----------------------------------------------------------------------------
                                  0.23   data required time
                                 -0.59   data arrival time
-----------------------------------------------------------------------------
                                  0.36   slack (MET)


Startpoint: _468_ (rising edge-triggered flip-flop clocked by clk)
Endpoint: _466_ (rising edge-triggered flip-flop clocked by clk)
Path Group: clk
Path Type: min

Fanout     Cap    Slew   Delay    Time   Description
-----------------------------------------------------------------------------
                  0.15    0.00    0.00   clock clk (rise edge)
                          0.00    0.00   clock network delay (ideal)
                  0.15    0.00    0.00 ^ _468_/CLK (sky130_fd_sc_hd__dfrtp_2)
                  0.08    0.39    0.39 ^ _468_/Q (sky130_fd_sc_hd__dfrtp_2)
     2    0.01                           genblk1[10].csa.y (net)
                  0.08    0.00    0.39 ^ _265_/B (sky130_fd_sc_hd__xor2_2)
                  0.05    0.08    0.48 v _265_/X (sky130_fd_sc_hd__xor2_2)
     2    0.01                           _134_ (net)
                  0.05    0.00    0.48 v _269_/B (sky130_fd_sc_hd__xnor2_2)
                  0.04    0.12    0.59 ^ _269_/Y (sky130_fd_sc_hd__xnor2_2)
     1    0.00                           genblk1[10].csa.hsum2 (net)
                  0.04    0.00    0.59 ^ _466_/D (sky130_fd_sc_hd__dfrtp_2)
                                  0.59   data arrival time

                  0.15    0.00    0.00   clock clk (rise edge)
                          0.00    0.00   clock network delay (ideal)
                          0.25    0.25   clock uncertainty
                          0.00    0.25   clock reconvergence pessimism
                                  0.25 ^ _466_/CLK (sky130_fd_sc_hd__dfrtp_2)
                         -0.02    0.23   library hold time
                                  0.23   data required time
-----------------------------------------------------------------------------
                                  0.23   data required time
                                 -0.59   data arrival time
-----------------------------------------------------------------------------
                                  0.36   slack (MET)


